13:20:47.664 INFO    MainThread     dk1lab.logs: logging to study/finetune/R1-20260828-132023/train.log
13:20:49.799 INFO    MainThread     root: {'batch_size': 2,
 'checkpoint_path': None,
 'cudnn_deterministic': False,
 'dataloader_multiprocessing_context': 'spawn',
 'dataset': {'depth_output_unit': 'mm',
             'episodes': [0,
                          1,
                          2,
                          3,
                          5,
                          6,
                          7,
                          8,
                          9,
                          10,
                          12,
                          13,
                          14,
                          16,
                          17,
                          18,
                          19,
                          20,
                          21,
                          22,
                          23,
                          24,
                          4,
                          11,
                          15,
                          25],
             'eval_split': 0.134615,
             'image_transforms': {'enable': False,
                                  'max_num_transforms': 3,
                                  'random_order': False,
                                  'tfs': {'affine': {'kwargs': {'degrees': [-5.0,
                                                                            5.0],
                                                                'translate': [0.05,
                                                                              0.05]},
                                                     'type': 'RandomAffine',
                                                     'weight': 1.0},
                                          'brightness': {'kwargs': {'brightness': [0.8,
                                                                                   1.2]},
                                                         'type': 'ColorJitter',
                                                         'weight': 1.0},
                                          'contrast': {'kwargs': {'contrast': [0.8,
                                                                               1.2]},
                                                       'type': 'ColorJitter',
                                                       'weight': 1.0},
                                          'hue': {'kwargs': {'hue': [-0.05,
                                                                     0.05]},
                                                  'type': 'ColorJitter',
                                                  'weight': 1.0},
                                          'saturation': {'kwargs': {'saturation': [0.5,
                                                                                   1.5]},
                                                         'type': 'ColorJitter',
                                                         'weight': 1.0},
                                          'sharpness': {'kwargs': {'sharpness': [0.5,
                                                                                 1.5]},
                                                        'type': 'SharpnessJitter',
                                                        'weight': 1.0}}},
             'repo_id': 'dk1/demos-optimized',
             'repo_type': 'dataset',
             'return_uint8': False,
             'revision': None,
             'root': 'study/demos-optimized',
             'streaming': False,
             'use_imagenet_stats': True,
             'video_backend': 'torchcodec'},
 'env': None,
 'env_eval_freq': 0,
 'eval': {'batch_size': 22,
          'n_episodes': 50,
          'recording': False,
          'recording_private': False,
          'recording_repo_id': None,
          'use_async_envs': True},
 'eval_steps': 2000,
 'job': {'detach': False,
         'image': 'huggingface/lerobot-gpu:latest',
         'tags': [],
         'target': None,
         'timeout': '2d'},
 'job_name': 'dk1-r1',
 'log_freq': 200,
 'max_eval_samples': 0,
 'num_workers': 4,
 'optimizer': {'betas': [0.9, 0.95],
               'eps': 1e-06,
               'grad_clip_norm': 1.0,
               'lr': 0.0001,
               'type': 'adamw',
               'weight_decay': 0.0},
 'output_dir': 'study/finetune/R1-20260828-132023/train',
 'peft': {'full_training_modules': [],
          'init_type': None,
          'lora_alpha': 16,
          'method_type': 'lora',
          'r': 32,
          'target_modules': '(model\\.model\\.(transformer|vision_backbone)\\.(?:.*\\.)?(w1|w2|w3|wq|wk|wv|wo|att_proj|attn_out|ff_proj|ff_out|patch_embedding)$|model\\.model\\.action_expert\\.(time_embed\\.(1|3)|action_embed|context_k_proj|context_v_proj|blocks\\.\\d+\\.self_attn\\.(qkv|out_proj)|blocks\\.\\d+\\.cross_attn\\.(q_proj|out_proj)|blocks\\.\\d+\\.mlp\\.(up_proj|gate_proj|down_proj)|blocks\\.\\d+\\.modulation\\.linear|final_layer\\.(modulation\\.linear|linear))$)'},
 'persistent_workers': True,
 'policy': {'action_mode': 'continuous',
            'add_control_tokens': True,
            'add_setup_tokens': True,
            'checkpoint_force_download': False,
            'checkpoint_path': 'allenai/MolmoAct2-BimanualYAM',
            'checkpoint_revision': None,
            'chunk_size': 30,
            'control_mode': 'absolute joint pose',
            'dataset_feature_names': {},
            'device': 'cuda',
            'discrete_action_tokenizer': 'allenai/MolmoAct2-FAST-Tokenizer',
            'discrete_generation_max_steps': None,
            'discrete_loss_token_weighting': 'root_subsegments_root_tokens',
            'enable_inference_cuda_graph': True,
            'enable_knowledge_insulation': False,
            'enable_lora_action_expert': False,
            'enable_lora_vlm': False,
            'eval_seed': None,
            'expected_max_action_dim': 32,
            'flow_matching_beta_alpha': 1.0,
            'flow_matching_beta_beta': 1.5,
            'flow_matching_cutoff': 1.0,
            'flow_matching_time_offset': 0.001,
            'flow_matching_time_scale': 0.999,
            'freeze_embedding': True,
            'gradient_checkpointing': True,
            'image_keys': ['observation.images.top',
                           'observation.images.left',
                           'observation.images.right'],
            'inference_action_mode': 'continuous',
            'input_features': {'observation.images.left': {'shape': [3,
                                                                     224,
                                                                     224],
                                                           'type': <FeatureType.VISUAL: 'VISUAL'>},
                               'observation.images.right': {'shape': [3,
                                                                      224,
                                                                      224],
                                                            'type': <FeatureType.VISUAL: 'VISUAL'>},
                               'observation.images.top': {'shape': [3,
                                                                    224,
                                                                    224],
                                                          'type': <FeatureType.VISUAL: 'VISUAL'>},
                               'observation.state': {'shape': [14],
                                                     'type': <FeatureType.STATE: 'STATE'>}},
            'joint_offsets': None,
            'joint_signs': None,
            'license': None,
            'lora_alpha': 16,
            'lora_bias': 'none',
            'lora_dropout': 0.05,
            'lora_rank': 64,
            'mask_action_dim_padding': True,
            'max_sequence_length': None,
            'model_dtype': 'bfloat16',
            'n_action_steps': 30,
            'n_obs_steps': 1,
            'norm_tag': 'yam_dual_molmoact2',
            'normalization_mapping': {'ACTION': <NormalizationMode.QUANTILES: 'QUANTILES'>,
                                      'STATE': <NormalizationMode.QUANTILES: 'QUANTILES'>,
                                      'VISUAL': <NormalizationMode.IDENTITY: 'IDENTITY'>},
            'normalize_gripper': False,
            'normalize_language': True,
            'num_flow_timesteps': 8,
            'num_inference_steps': None,
            'num_state_tokens': 256,
            'optimizer_action_expert_lr': 5e-05,
            'optimizer_betas': [0.9, 0.95],
            'optimizer_connector_lr': 5e-06,
            'optimizer_eps': 1e-06,
            'optimizer_grad_clip_norm': 1.0,
            'optimizer_lr': 0.0001,
            'optimizer_vit_lr': 5e-06,
            'optimizer_weight_decay': 0.0,
            'output_features': {'action': {'shape': [14],
                                           'type': <FeatureType.ACTION: 'ACTION'>}},
            'per_episode_seed': False,
            'pretrained_path': '/home/nikolas/Documents/RobotLearning/trlc-dk1/outputs/molmoact2_bimanual_yam_bf16',
            'pretrained_revision': None,
            'private': None,
            'push_to_hub': False,
            'repo_id': None,
            'rtc_config': None,
            'scheduler_decay_lr': 1e-06,
            'scheduler_decay_steps': 8000,
            'scheduler_warmup_steps': 200,
            'setup_type': 'bimanual yam robotic arms in molmoact2',
            'softmax_auxiliary_loss': True,
            'softmax_auxiliary_loss_scale': 0.0001,
            'tags': None,
            'train_action_expert_only': False,
            'type': 'molmoact2',
            'use_amp': False,
            'use_peft': False},
 'prefetch_factor': 4,
 'rename_map': {},
 'resume': False,
 'reward_model': None,
 'sample_weighting': None,
 'save_checkpoint': True,
 'save_checkpoint_to_hub': False,
 'save_freq': 2000,
 'scheduler': {'decay_lr': 1e-06,
               'num_decay_steps': 8000,
               'num_warmup_steps': 200,
               'peak_lr': 0.0001,
               'type': 'cosine_decay_with_warmup'},
 'seed': 1000,
 'steps': 8000,
 'tolerance_s': 0.0001,
 'use_policy_training_preset': True,
 'wandb': {'add_tags': True,
           'disable_artifact': False,
           'enable': False,
           'entity': None,
           'mode': None,
           'notes': None,
           'project': 'lerobot',
           'run_id': None}}
13:20:49.813 INFO    MainThread     root: [1m[33mLogs will be saved locally.[0m
13:20:49.821 INFO    MainThread     root: Creating dataset
13:20:49.960 INFO    MainThread     root: Train/eval split: 22 train, 4 eval (eval_split=0.134615, 1 tasks)
13:20:50.091 INFO    MainThread     root: Creating policy
13:21:56.800 INFO    MainThread     root: Using PEFT! Wrapping model.
13:21:57.655 INFO    MainThread     root: Wrapped molmoact2 with PEFT (LoraConfig)
13:21:58.221 INFO    MainThread     root: Creating optimizer and scheduler
13:21:58.246 INFO    MainThread     root: [1m[33mOutput dir:[0m study/finetune/R1-20260828-132023/train
13:21:58.251 INFO    MainThread     root: cfg.steps=8000 (8K)
13:21:58.256 INFO    MainThread     root: dataset.num_frames=15605 (16K)
13:21:58.262 INFO    MainThread     root: dataset.num_episodes=22
13:21:58.266 INFO    MainThread     root: Effective batch size: 2 x 1 = 2
13:21:58.272 INFO    MainThread     root: num_learnable_params=106153344 (106M)
13:21:58.277 INFO    MainThread     root: num_total_params=5548349552 (6B)
13:21:58.331 INFO    MainThread     root: Start offline training on a fixed dataset, with effective batch size: 2
13:24:57.807 INFO    MainThread     root: step:200 smpl:400 ep:1 epch:0.03 loss:0.046 grdn:0.135 lr:5.0e-05 updt_s:0.839 data_s:0.054 smp/s:2 mem_gb:12.95 action_flow_loss:0.046
13:27:53.648 INFO    MainThread     root: step:400 smpl:800 ep:1 epch:0.05 loss:0.026 grdn:0.091 lr:1.0e-04 updt_s:0.838 data_s:0.037 smp/s:2 mem_gb:12.95 action_flow_loss:0.026
13:30:49.354 INFO    MainThread     root: step:600 smpl:1K ep:2 epch:0.08 loss:0.021 grdn:0.079 lr:9.9e-05 updt_s:0.838 data_s:0.036 smp/s:2 mem_gb:12.95 action_flow_loss:0.021
13:33:44.694 INFO    MainThread     root: step:800 smpl:2K ep:2 epch:0.10 loss:0.020 grdn:0.072 lr:9.8e-05 updt_s:0.837 data_s:0.035 smp/s:2 mem_gb:12.95 action_flow_loss:0.020
13:36:40.935 INFO    MainThread     root: step:1K smpl:2K ep:3 epch:0.13 loss:0.018 grdn:0.064 lr:9.7e-05 updt_s:0.841 data_s:0.035 smp/s:2 mem_gb:12.95 action_flow_loss:0.018
13:39:36.544 INFO    MainThread     root: step:1K smpl:2K ep:3 epch:0.15 loss:0.017 grdn:0.059 lr:9.5e-05 updt_s:0.839 data_s:0.035 smp/s:2 mem_gb:12.95 action_flow_loss:0.017
13:42:32.089 INFO    MainThread     root: step:1K smpl:3K ep:4 epch:0.18 loss:0.016 grdn:0.055 lr:9.4e-05 updt_s:0.838 data_s:0.036 smp/s:2 mem_gb:12.95 action_flow_loss:0.016
13:45:27.384 INFO    MainThread     root: step:2K smpl:3K ep:5 epch:0.21 loss:0.015 grdn:0.057 lr:9.2e-05 updt_s:0.837 data_s:0.035 smp/s:2 mem_gb:12.95 action_flow_loss:0.015
13:48:22.707 INFO    MainThread     root: step:2K smpl:4K ep:5 epch:0.23 loss:0.015 grdn:0.057 lr:8.9e-05 updt_s:0.837 data_s:0.035 smp/s:2 mem_gb:12.95 action_flow_loss:0.015
13:51:18.209 INFO    MainThread     root: step:2K smpl:4K ep:6 epch:0.26 loss:0.014 grdn:0.053 lr:8.7e-05 updt_s:0.838 data_s:0.035 smp/s:2 mem_gb:12.95 action_flow_loss:0.014
13:56:43.992 INFO    MainThread     root: step 2000: eval_loss=0.0201
13:56:43.999 INFO    MainThread     root: Checkpoint policy after step 2000
13:59:41.569 INFO    MainThread     root: step:2K smpl:4K ep:6 epch:0.28 loss:0.013 grdn:0.052 lr:8.4e-05 updt_s:0.844 data_s:0.036 smp/s:2 mem_gb:12.99 action_flow_loss:0.013
14:02:37.386 INFO    MainThread     root: step:2K smpl:5K ep:7 epch:0.31 loss:0.013 grdn:0.053 lr:8.1e-05 updt_s:0.839 data_s:0.036 smp/s:2 mem_gb:12.99 action_flow_loss:0.013
14:05:32.761 INFO    MainThread     root: step:3K smpl:5K ep:7 epch:0.33 loss:0.013 grdn:0.053 lr:7.8e-05 updt_s:0.837 data_s:0.035 smp/s:2 mem_gb:12.99 action_flow_loss:0.013
14:08:28.076 INFO    MainThread     root: step:3K smpl:6K ep:8 epch:0.36 loss:0.012 grdn:0.053 lr:7.5e-05 updt_s:0.837 data_s:0.035 smp/s:2 mem_gb:12.99 action_flow_loss:0.012
14:11:23.525 INFO    MainThread     root: step:3K smpl:6K ep:8 epch:0.38 loss:0.013 grdn:0.051 lr:7.1e-05 updt_s:0.838 data_s:0.035 smp/s:2 mem_gb:12.99 action_flow_loss:0.013
14:14:19.696 INFO    MainThread     root: step:3K smpl:6K ep:9 epch:0.41 loss:0.012 grdn:0.051 lr:6.8e-05 updt_s:0.841 data_s:0.035 smp/s:2 mem_gb:12.99 action_flow_loss:0.012
14:17:14.959 INFO    MainThread     root: step:3K smpl:7K ep:10 epch:0.44 loss:0.012 grdn:0.050 lr:6.4e-05 updt_s:0.837 data_s:0.035 smp/s:2 mem_gb:12.99 action_flow_loss:0.012
14:20:10.425 INFO    MainThread     root: step:4K smpl:7K ep:10 epch:0.46 loss:0.011 grdn:0.047 lr:6.0e-05 updt_s:0.838 data_s:0.035 smp/s:2 mem_gb:12.99 action_flow_loss:0.011
14:23:05.854 INFO    MainThread     root: step:4K smpl:8K ep:11 epch:0.49 loss:0.011 grdn:0.050 lr:5.6e-05 updt_s:0.838 data_s:0.035 smp/s:2 mem_gb:12.99 action_flow_loss:0.011
14:26:01.245 INFO    MainThread     root: step:4K smpl:8K ep:11 epch:0.51 loss:0.010 grdn:0.045 lr:5.2e-05 updt_s:0.838 data_s:0.035 smp/s:2 mem_gb:12.99 action_flow_loss:0.010
14:31:22.766 INFO    MainThread     root: step 4000: eval_loss=0.0194
14:31:22.780 INFO    MainThread     root: Checkpoint policy after step 4000
14:34:19.084 INFO    MainThread     root: step:4K smpl:8K ep:12 epch:0.54 loss:0.010 grdn:0.050 lr:4.9e-05 updt_s:0.840 data_s:0.035 smp/s:2 mem_gb:12.99 action_flow_loss:0.010
14:37:14.486 INFO    MainThread     root: step:4K smpl:9K ep:12 epch:0.56 loss:0.010 grdn:0.050 lr:4.5e-05 updt_s:0.838 data_s:0.035 smp/s:2 mem_gb:12.99 action_flow_loss:0.010
